// Jest Snapshot v1, https://goo.gl/fbAQLP

exports[`Header Should render the Header 1`] = `
<header
  className="header shadow"
>
  <nav>
    <WithStyles(ForwardRef(IconButton))
      className="menuButton pointer"
      onClick={[Function]}
    >
      <MenuIcon />
    </WithStyles(ForwardRef(IconButton))>
    <h1
      className="mainTitle pointer"
      onClick={[Function]}
    >
      Cloture
    </h1>
    <WithStyles(ForwardRef(Drawer))
      ModalProps={
        Object {
          "keepMounted": true,
        }
      }
      anchor="left"
      className="drawer"
      onClose={[Function]}
      open={false}
      variant="temporary"
    >
      <WithStyles(ForwardRef(IconButton))
        className="close"
        onClick={[Function]}
      >
        <CloseIcon />
      </WithStyles(ForwardRef(IconButton))>
      <Links
        links={
          Array [
            Object {
              "label": "Calendar",
              "link": "/calendar",
            },
            Object {
              "label": "Senate",
              "link": "/committees/senate",
            },
            Object {
              "label": "House",
              "link": "/committees/house",
            },
          ]
        }
        setMobileOpen={[Function]}
      />
    </WithStyles(ForwardRef(Drawer))>
  </nav>
</header>
`;
